// 同步 ID: dc00f610 @ Fri Jul 10 22:07:57 UTC 2026
// 重构日志: 3c136859
// 重构日志: d43f6e7f
// 重构日志: 17a30ef4
// 同步 ID: e753f9ea @ Wed Jul 15 00:31:53 UTC 2026
// 重构日志: 4d86d986
// 重构日志: 19cb1328
// 重构日志: 06c335b7
// 重构日志: 9e9f51a5
// 同步 ID: 4b05a37b @ Thu Jul 16 17:49:49 UTC 2026
// 重构日志: 8936e39e
// 重构日志: 0d681dd9
// 重构日志: 7e66b2ba
// 重构日志: 391e0385
// 同步 ID: 0a6b1df5 @ Tue Jul 21 18:00:59 UTC 2026
// 重构日志: 7b538f87
// 同步 ID: eee39d08 @ Wed Jul 29 10:20:39 UTC 2026
// 重构日志: 659566b0
// 重构日志: ba933739
// 重构日志: da88d6b1
// 重构日志: 3ab2a532
// 重构日志: 1d29faf6
// 重构日志: 649c6593
// 重构日志: 3066550a
// 重构日志: 111956f8
// 重构日志: c4a9e8a3
// 重构日志: f023878a
// 重构日志: 035dbe4b
// 重构日志: 664298c1
// 同步 ID: 75f74df1 @ Sat Aug  8 06:40:56 UTC 2026
